// Jest Snapshot v1, https://jestjs.io/docs/snapshot-testing

exports[`ArticleCardSkeleton should have proper structure 1`] = `
<div
  class="skeleton"
  data-testid="article-card-skeleton"
>
  <div
    class="skeleton__image"
    data-testid="skeleton-image"
  />
  <div
    class="skeleton__content"
    data-testid="skeleton-content"
  >
    <div
      class="skeleton__title"
      data-testid="skeleton-title"
    />
    <div
      class="skeleton__text"
      data-testid="skeleton-text"
    />
    <div
      class="skeleton__text"
      data-testid="skeleton-text"
    />
    <div
      class="skeleton__text"
      data-testid="skeleton-text"
    />
  </div>
</div>
`;
